[
  {
    "index": 0,
    "label": "hello",
    "opcode": "NOP",
    "constant": "12",
    "term_info": {
      "line_num": 0,
      "original_content": ""
    }
  },
  {
    "index": 1,
    "opcode": "NOP",
    "constant": "H",
    "term_info": {
      "line_num": 0,
      "original_content": ""
    }
  },
  {
    "index": 2,
    "opcode": "NOP",
    "constant": "e",
    "term_info": {
      "line_num": 0,
      "original_content": ""
    }
  },
  {
    "index": 3,
    "opcode": "NOP",
    "constant": "l",
    "term_info": {
      "line_num": 0,
      "original_content": ""
    }
  },
  {
    "index": 4,
    "opcode": "NOP",
    "constant": "l",
    "term_info": {
      "line_num": 0,
      "original_content": ""
    }
  },
  {
    "index": 5,
    "opcode": "NOP",
    "constant": "o",
    "term_info": {
      "line_num": 0,
      "original_content": ""
    }
  },
  {
    "index": 6,
    "opcode": "NOP",
    "constant": "w",
    "term_info": {
      "line_num": 0,
      "original_content": ""
    }
  },
  {
    "index": 7,
    "opcode": "NOP",
    "constant": "o",
    "term_info": {
      "line_num": 0,
      "original_content": ""
    }
  },
  {
    "index": 8,
    "opcode": "NOP",
    "constant": "r",
    "term_info": {
      "line_num": 0,
      "original_content": ""
    }
  },
  {
    "index": 9,
    "opcode": "NOP",
    "constant": "l",
    "term_info": {
      "line_num": 0,
      "original_content": ""
    }
  },
  {
    "index": 10,
    "opcode": "NOP",
    "constant": "d",
    "term_info": {
      "line_num": 0,
      "original_content": ""
    }
  },
  {
    "index": 11,
    "opcode": "NOP",
    "constant": "!",
    "term_info": {
      "line_num": 0,
      "original_content": ""
    }
  },
  {
    "index": 12,
    "label": "addr",
    "opcode": "NOP",
    "constant": "hello",
    "term_info": {
      "line_num": 0,
      "original_content": ""
    }
  },
  {
    "index": 13,
    "label": "cnt",
    "opcode": "NOP",
    "constant": "0",
    "term_info": {
      "line_num": 0,
      "original_content": ""
    }
  },
  {
    "index": 14,
    "label": "out",
    "opcode": "NOP",
    "constant": "2047",
    "term_info": {
      "line_num": 0,
      "original_content": ""
    }
  },
  {
    "index": 15,
    "label": "start",
    "opcode": "LD",
    "operand": 0,
    "term_info": {
      "line_num": 0,
      "original_content": ""
    }
  },
  {
    "index": 16,
    "opcode": "ST",
    "operand": 13,
    "term_info": {
      "line_num": 0,
      "original_content": ""
    }
  },
  {
    "index": 17,
    "label": "loop",
    "opcode": "LD",
    "operand": 12,
    "term_info": {
      "line_num": 0,
      "original_content": ""
    }
  },
  {
    "index": 18,
    "opcode": "ST",
    "operand": 12,
    "term_info": {
      "line_num": 0,
      "original_content": ""
    }
  },
  {
    "index": 19,
    "opcode": "LD",
    "operand": 13,
    "term_info": {
      "line_num": 0,
      "original_content": ""
    }
  },
  {
    "index": 20,
    "opcode": "ST",
    "operand": 13,
    "term_info": {
      "line_num": 0,
      "original_content": ""
    }
  },
  {
    "index": 21,
    "opcode": "JZ",
    "operand": 23,
    "term_info": {
      "line_num": 0,
      "original_content": ""
    }
  },
  {
    "index": 22,
    "opcode": "JMP",
    "operand": 17,
    "term_info": {
      "line_num": 0,
      "original_content": ""
    }
  },
  {
    "index": 23,
    "label": "end",
    "opcode": "HLT",
    "term_info": {
      "line_num": 0,
      "original_content": ""
    }
  }
]